[33mΓ¥»[39m Building...
[32mΓ£ö[39m Building...
Application bundle generation failed. [3.292 seconds] - 2026-03-25T07:01:51.224Z

node.exe : [1m[31m[31mX 
[41;31m[[41;97mERROR[41;31m][0m 
[1mTS2554: Expected 0 arguments, but 
got 1.[0m [1m[35m[plugin 
angular-compiler][0m
At C:\Program Files\nodejs\npx.ps1:29 
char:3
+   & $NODE_EXE $NPX_CLI_JS $args
+   ~~~~~~~~~~~~~~~~~~~~~~~~~~~~~
    + CategoryInfo          : NotSpec 
   ified: ([1m[31m[31mX...r-compi  
  ler][0m:String) [], RemoteExcept   
 ion
    + FullyQualifiedErrorId : NativeC 
   ommandError
 

    src/app/features/setup/profile-set
up/profile-setup.component.html:8:31:
[37m      8 Γöé     <form (ngSubmit)=
"onSubmit([32m$event[37m)">
        Γò╡                           
     [32m~~~~~~[0m

  Error occurs in the template of 
component ProfileSetupComponent.

    src/app/features/setup/profile-set
up/profile-setup.component.ts:12:15:
[37m      12 Γöé   templateUrl: [32m
'./profile-setup.component.html'[37m,
         Γò╡                [32m~~~~~
~~~~~~~~~~~~~~~~~~~~~~~~~~~[0m


[31mX 
[41;31m[[41;97mERROR[41;31m][0m 
[1mTS2339: Property 'foodPref' does 
not exist on type 
'UserProfileDto'.[0m 
[1m[35m[plugin angular-compiler][0m

    src/app/features/setup/profile-set
up/profile-setup.component.html:47:67:
[37m      47 Γöé ...foodPref" 
name="foodPref" [(ngModel)]="profile.
[32mfoodPref[37m" required>
         Γò╡                          
                         
[32m~~~~~~~~[0m

  Error occurs in the template of 
component ProfileSetupComponent.

    src/app/features/setup/profile-set
up/profile-setup.component.ts:12:15:
[37m      12 Γöé   templateUrl: [32m
'./profile-setup.component.html'[37m,
         Γò╡                [32m~~~~~
~~~~~~~~~~~~~~~~~~~~~~~~~~~[0m


[31mX 
[41;31m[[41;97mERROR[41;31m][0m 
[1mTS2339: Property 'foodPref' does 
not exist on type 
'UserProfileDto'.[0m 
[1m[35m[plugin angular-compiler][0m

    src/app/features/setup/profile-set
up/profile-setup.component.html:47:67:
[37m      47 Γöé ...foodPref" 
name="foodPref" [(ngModel)]="profile.
[32mfoodPref[37m" required>
         Γò╡                          
                         
[32m~~~~~~~~[0m

  Error occurs in the template of 
component ProfileSetupComponent.

    src/app/features/setup/profile-set
up/profile-setup.component.ts:12:15:
[37m      12 Γöé   templateUrl: [32m
'./profile-setup.component.html'[37m,
         Γò╡                [32m~~~~~
~~~~~~~~~~~~~~~~~~~~~~~~~~~[0m


[31mX 
[41;31m[[41;97mERROR[41;31m][0m 
[1mTS2339: Property 'conditions' 
does not exist on type 
'UserProfileDto'.[0m 
[1m[35m[plugin angular-compiler][0m

    src/app/features/setup/profile-set
up/profile-setup.component.html:56:82:
[37m      56 Γöé ...ions" [(ngModel)]
="profile.[32mconditions[37m" 
placeholder="e.g. Asthma...
         Γò╡                          
     [32m~~~~~~~~~~[0m

  Error occurs in the template of 
component ProfileSetupComponent.

    src/app/features/setup/profile-set
up/profile-setup.component.ts:12:15:
[37m      12 Γöé   templateUrl: [32m
'./profile-setup.component.html'[37m,
         Γò╡                [32m~~~~~
~~~~~~~~~~~~~~~~~~~~~~~~~~~[0m


[31mX 
[41;31m[[41;97mERROR[41;31m][0m 
[1mTS2339: Property 'conditions' 
does not exist on type 
'UserProfileDto'.[0m 
[1m[35m[plugin angular-compiler][0m

    src/app/features/setup/profile-set
up/profile-setup.component.html:56:82:
[37m      56 Γöé ...ions" [(ngModel)]
="profile.[32mconditions[37m" 
placeholder="e.g. Asthma...
         Γò╡                          
     [32m~~~~~~~~~~[0m

  Error occurs in the template of 
component ProfileSetupComponent.

    src/app/features/setup/profile-set
up/profile-setup.component.ts:12:15:
[37m      12 Γöé   templateUrl: [32m
'./profile-setup.component.html'[37m,
         Γò╡                [32m~~~~~
~~~~~~~~~~~~~~~~~~~~~~~~~~~[0m


[31mX 
[41;31m[[41;97mERROR[41;31m][0m 
[1mTS2339: Property 'sleep' does not 
exist on type 'UserProfileDto'.[0m 
[1m[35m[plugin angular-compiler][0m

    src/app/features/setup/profile-set
up/profile-setup.component.html:61:74:
[37m      61 Γöé ...="sleep" 
name="sleep" 
[(ngModel)]="profile.[32msleep[37m" 
placeholder="8">
         Γò╡                          
                     [32m~~~~~[0m

  Error occurs in the template of 
component ProfileSetupComponent.

    src/app/features/setup/profile-set
up/profile-setup.component.ts:12:15:
[37m      12 Γöé   templateUrl: [32m
'./profile-setup.component.html'[37m,
         Γò╡                [32m~~~~~
~~~~~~~~~~~~~~~~~~~~~~~~~~~[0m


[31mX 
[41;31m[[41;97mERROR[41;31m][0m 
[1mTS2339: Property 'sleep' does not 
exist on type 'UserProfileDto'.[0m 
[1m[35m[plugin angular-compiler][0m

    src/app/features/setup/profile-set
up/profile-setup.component.html:61:74:
[37m      61 Γöé ...="sleep" 
name="sleep" 
[(ngModel)]="profile.[32msleep[37m" 
placeholder="8">
         Γò╡                          
                     [32m~~~~~[0m

  Error occurs in the template of 
component ProfileSetupComponent.

    src/app/features/setup/profile-set
up/profile-setup.component.ts:12:15:
[37m      12 Γöé   templateUrl: [32m
'./profile-setup.component.html'[37m,
         Γò╡                [32m~~~~~
~~~~~~~~~~~~~~~~~~~~~~~~~~~[0m


[31mX 
[41;31m[[41;97mERROR[41;31m][0m 
[1mTS2339: Property 'routine' does 
not exist on type 
'UserProfileDto'.[0m 
[1m[35m[plugin angular-compiler][0m

    src/app/features/setup/profile-set
up/profile-setup.component.html:66:76:
[37m      66 Γöé ...utine" [(ngModel)
]="profile.[32mroutine[37m" 
placeholder="Describe your...
         Γò╡                          
      [32m~~~~~~~[0m

  Error occurs in the template of 
component ProfileSetupComponent.

    src/app/features/setup/profile-set
up/profile-setup.component.ts:12:15:
[37m      12 Γöé   templateUrl: [32m
'./profile-setup.component.html'[37m,
         Γò╡                [32m~~~~~
~~~~~~~~~~~~~~~~~~~~~~~~~~~[0m


[31mX 
[41;31m[[41;97mERROR[41;31m][0m 
[1mTS2339: Property 'routine' does 
not exist on type 
'UserProfileDto'.[0m 
[1m[35m[plugin angular-compiler][0m

    src/app/features/setup/profile-set
up/profile-setup.component.html:66:76:
[37m      66 Γöé ...utine" [(ngModel)
]="profile.[32mroutine[37m" 
placeholder="Describe your...
         Γò╡                          
      [32m~~~~~~~[0m

  Error occurs in the template of 
component ProfileSetupComponent.

    src/app/features/setup/profile-set
up/profile-setup.component.ts:12:15:
[37m      12 Γöé   templateUrl: [32m
'./profile-setup.component.html'[37m,
         Γò╡                [32m~~~~~
~~~~~~~~~~~~~~~~~~~~~~~~~~~[0m

[39m[22m
